[move_plate] dsr= 1 (500 Hz, 2.0 ms/step) success=0.867 (52/60)  clip=0.000  [24s]
[move_plate] dsr= 2 (250 Hz, 4.0 ms/step) success=0.867 (52/60)  clip=0.000  [17s]
[move_plate] dsr= 3 (166 Hz, 6.0 ms/step) success=0.833 (50/60)  clip=0.000  [16s]
[move_plate] dsr= 4 (125 Hz, 8.0 ms/step) success=0.867 (52/60)  clip=0.000  [15s]
[move_plate] dsr= 5 (100 Hz, 10.0 ms/step) success=0.867 (52/60)  clip=0.000  [15s]
[move_plate] dsr= 8 ( 62 Hz, 16.0 ms/step) success=0.750 (45/60)  clip=0.000  [13s]
[move_plate] dsr=10 ( 50 Hz, 20.0 ms/step) success=0.750 (45/60)  clip=0.000  [13s]
[move_plate] dsr=12 ( 41 Hz, 24.0 ms/step) success=0.650 (39/60)  clip=0.000  [13s]
[move_plate] dsr=15 ( 33 Hz, 30.0 ms/step) success=0.700 (42/60)  clip=0.000  [12s]
[move_plate] dsr=20 ( 25 Hz, 40.0 ms/step) success=0.617 (37/60)  clip=0.000  [13s]
[move_plate] dsr=25 ( 20 Hz, 50.0 ms/step) success=0.583 (35/60)  clip=0.000  [13s]
[drawer_top_close] dsr= 1 (500 Hz, 2.0 ms/step) success=1.000 (51/51)  clip=0.097  [16s]
[drawer_top_close] dsr= 2 (250 Hz, 4.0 ms/step) success=1.000 (51/51)  clip=0.097  [13s]
[drawer_top_close] dsr= 3 (166 Hz, 6.0 ms/step) success=1.000 (51/51)  clip=0.097  [13s]
[drawer_top_close] dsr= 4 (125 Hz, 8.0 ms/step) success=1.000 (51/51)  clip=0.097  [37s]
[drawer_top_close] dsr= 5 (100 Hz, 10.0 ms/step) success=1.000 (51/51)  clip=0.097  [39s]
[drawer_top_close] dsr= 8 ( 62 Hz, 16.0 ms/step) success=1.000 (51/51)  clip=0.097  [40s]
[drawer_top_close] dsr=10 ( 50 Hz, 20.0 ms/step) success=1.000 (51/51)  clip=0.097  [45s]
[drawer_top_close] dsr=12 ( 41 Hz, 24.0 ms/step) success=1.000 (51/51)  clip=0.097  [43s]
[drawer_top_close] dsr=15 ( 33 Hz, 30.0 ms/step) success=1.000 (51/51)  clip=0.098  [44s]
[drawer_top_close] dsr=20 ( 25 Hz, 40.0 ms/step) success=1.000 (51/51)  clip=0.098  [39s]
[drawer_top_close] dsr=25 ( 20 Hz, 50.0 ms/step) success=1.000 (51/51)  clip=0.099  [36s]
wrote /mnt/workspace/zoomq/gates/gate1_frequency_sweep.json
=== DONE Sun Aug 16 13:02:46 BST 2026 ===
