[move_plate] dsr= 1 (500 Hz, 2.0 ms/step) success=0.883 (53/60)  clip=0.000  [71s]
[move_plate] dsr= 2 (250 Hz, 4.0 ms/step) success=0.883 (53/60)  clip=0.000  [60s]
[move_plate] dsr= 3 (166 Hz, 6.0 ms/step) success=0.900 (54/60)  clip=0.000  [42s]
[move_plate] dsr= 4 (125 Hz, 8.0 ms/step) success=0.883 (53/60)  clip=0.000  [22s]
[move_plate] dsr= 5 (100 Hz, 10.0 ms/step) success=0.867 (52/60)  clip=0.000  [25s]
[move_plate] dsr= 8 ( 62 Hz, 16.0 ms/step) success=0.883 (53/60)  clip=0.000  [16s]
[move_plate] dsr=10 ( 50 Hz, 20.0 ms/step) success=0.867 (52/60)  clip=0.000  [14s]
[move_plate] dsr=12 ( 41 Hz, 24.0 ms/step) success=0.883 (53/60)  clip=0.000  [14s]
[move_plate] dsr=15 ( 33 Hz, 30.0 ms/step) success=0.883 (53/60)  clip=0.000  [13s]
[move_plate] dsr=20 ( 25 Hz, 40.0 ms/step) success=0.883 (53/60)  clip=0.000  [14s]
[move_plate] dsr=25 ( 20 Hz, 50.0 ms/step) success=0.900 (54/60)  clip=0.000  [13s]
[drawer_top_close] dsr= 1 (500 Hz, 2.0 ms/step) success=1.000 (51/51)  clip=0.097  [16s]
[drawer_top_close] dsr= 2 (250 Hz, 4.0 ms/step) success=1.000 (51/51)  clip=0.097  [14s]
[drawer_top_close] dsr= 3 (166 Hz, 6.0 ms/step) success=1.000 (51/51)  clip=0.097  [13s]
[drawer_top_close] dsr= 4 (125 Hz, 8.0 ms/step) success=1.000 (51/51)  clip=0.097  [12s]
[drawer_top_close] dsr= 5 (100 Hz, 10.0 ms/step) success=1.000 (51/51)  clip=0.097  [13s]
[drawer_top_close] dsr= 8 ( 62 Hz, 16.0 ms/step) success=1.000 (51/51)  clip=0.097  [12s]
[drawer_top_close] dsr=10 ( 50 Hz, 20.0 ms/step) success=1.000 (51/51)  clip=0.097  [13s]
[drawer_top_close] dsr=12 ( 41 Hz, 24.0 ms/step) success=1.000 (51/51)  clip=0.097  [12s]
[drawer_top_close] dsr=15 ( 33 Hz, 30.0 ms/step) success=1.000 (51/51)  clip=0.098  [12s]
[drawer_top_close] dsr=20 ( 25 Hz, 40.0 ms/step) success=1.000 (51/51)  clip=0.098  [12s]
[drawer_top_close] dsr=25 ( 20 Hz, 50.0 ms/step) success=1.000 (51/51)  clip=0.099  [12s]
wrote /mnt/workspace/zoomq/gates/gate1_raw/sweep_keepfirst.json
=== DONE Sun Aug 16 13:16:56 BST 2026 ===
